Archive member included because of file (symbol)

c:/winavr-20100110/bin/../lib/gcc/avr/4.3.3/avr5\libgcc.a(_udivmodhi4.o)
                              ./02_HAL/_7_SEG/_7_SEG.o (__udivmodhi4)
c:/winavr-20100110/bin/../lib/gcc/avr/4.3.3/avr5\libgcc.a(_divmodhi4.o)
                              ./01_MCAL/TIMER/Timer0and2/TIMER.o (__divmodhi4)
c:/winavr-20100110/bin/../lib/gcc/avr/4.3.3/avr5\libgcc.a(_udivmodsi4.o)
                              ./01_MCAL/ICU/ICU.o (__udivmodsi4)
c:/winavr-20100110/bin/../lib/gcc/avr/4.3.3/avr5\libgcc.a(_exit.o)
                              c:/winavr-20100110/bin/../lib/gcc/avr/4.3.3/../../../../avr/lib/avr5/crtm32.o (exit)
c:/winavr-20100110/bin/../lib/gcc/avr/4.3.3/avr5\libgcc.a(_copy_data.o)
                              ./02_HAL/_7_SEG/_7_SEG.o (__do_copy_data)
c:/winavr-20100110/bin/../lib/gcc/avr/4.3.3/avr5\libgcc.a(_clear_bss.o)
                              ./01_MCAL/EXT-INT/Ext_Interrupts.o (__do_clear_bss)
c:/winavr-20100110/bin/../lib/gcc/avr/4.3.3/avr5\libgcc.a(_fixunssfsi.o)
                              ./03_APP/EEPROM_With_I2C/APP.o (__fixunssfsi)
c:/winavr-20100110/bin/../lib/gcc/avr/4.3.3/avr5\libgcc.a(_addsub_sf.o)
                              c:/winavr-20100110/bin/../lib/gcc/avr/4.3.3/avr5\libgcc.a(_fixunssfsi.o) (__subsf3)
c:/winavr-20100110/bin/../lib/gcc/avr/4.3.3/avr5\libgcc.a(_mul_sf.o)
                              ./03_APP/EEPROM_With_I2C/APP.o (__mulsf3)
c:/winavr-20100110/bin/../lib/gcc/avr/4.3.3/avr5\libgcc.a(_div_sf.o)
                              ./03_APP/Delay.o (__divsf3)
c:/winavr-20100110/bin/../lib/gcc/avr/4.3.3/avr5\libgcc.a(_gt_sf.o)
                              ./03_APP/EEPROM_With_I2C/APP.o (__gtsf2)
c:/winavr-20100110/bin/../lib/gcc/avr/4.3.3/avr5\libgcc.a(_ge_sf.o)
                              c:/winavr-20100110/bin/../lib/gcc/avr/4.3.3/avr5\libgcc.a(_fixunssfsi.o) (__gesf2)
c:/winavr-20100110/bin/../lib/gcc/avr/4.3.3/avr5\libgcc.a(_lt_sf.o)
                              ./03_APP/EEPROM_With_I2C/APP.o (__ltsf2)
c:/winavr-20100110/bin/../lib/gcc/avr/4.3.3/avr5\libgcc.a(_sf_to_si.o)
                              c:/winavr-20100110/bin/../lib/gcc/avr/4.3.3/avr5\libgcc.a(_fixunssfsi.o) (__fixsfsi)
c:/winavr-20100110/bin/../lib/gcc/avr/4.3.3/avr5\libgcc.a(_thenan_sf.o)
                              c:/winavr-20100110/bin/../lib/gcc/avr/4.3.3/avr5\libgcc.a(_addsub_sf.o) (__thenan_sf)
c:/winavr-20100110/bin/../lib/gcc/avr/4.3.3/avr5\libgcc.a(_usi_to_sf.o)
                              ./01_MCAL/ICU/ICU.o (__floatunsisf)
c:/winavr-20100110/bin/../lib/gcc/avr/4.3.3/avr5\libgcc.a(_prologue.o)
                              c:/winavr-20100110/bin/../lib/gcc/avr/4.3.3/avr5\libgcc.a(_addsub_sf.o) (__prologue_saves__)
c:/winavr-20100110/bin/../lib/gcc/avr/4.3.3/avr5\libgcc.a(_epilogue.o)
                              c:/winavr-20100110/bin/../lib/gcc/avr/4.3.3/avr5\libgcc.a(_addsub_sf.o) (__epilogue_restores__)
c:/winavr-20100110/bin/../lib/gcc/avr/4.3.3/avr5\libgcc.a(_clzsi2.o)
                              c:/winavr-20100110/bin/../lib/gcc/avr/4.3.3/avr5\libgcc.a(_usi_to_sf.o) (__clzsi2)
c:/winavr-20100110/bin/../lib/gcc/avr/4.3.3/avr5\libgcc.a(_pack_sf.o)
                              c:/winavr-20100110/bin/../lib/gcc/avr/4.3.3/avr5\libgcc.a(_addsub_sf.o) (__pack_f)
c:/winavr-20100110/bin/../lib/gcc/avr/4.3.3/avr5\libgcc.a(_unpack_sf.o)
                              c:/winavr-20100110/bin/../lib/gcc/avr/4.3.3/avr5\libgcc.a(_addsub_sf.o) (__unpack_f)
c:/winavr-20100110/bin/../lib/gcc/avr/4.3.3/avr5\libgcc.a(_fpcmp_parts_sf.o)
                              c:/winavr-20100110/bin/../lib/gcc/avr/4.3.3/avr5\libgcc.a(_gt_sf.o) (__fpcmp_parts_f)
c:/winavr-20100110/bin/../lib/gcc/avr/4.3.3/avr5\libgcc.a(_clz.o)
                              c:/winavr-20100110/bin/../lib/gcc/avr/4.3.3/avr5\libgcc.a(_clzsi2.o) (__clz_tab)

Memory Configuration

Name             Origin             Length             Attributes
text             0x00000000         0x00020000         xr
data             0x00800060         0x0000ffa0         rw !x
eeprom           0x00810000         0x00010000         rw !x
fuse             0x00820000         0x00000400         rw !x
lock             0x00830000         0x00000400         rw !x
signature        0x00840000         0x00000400         rw !x
*default*        0x00000000         0xffffffff

Linker script and memory map

LOAD c:/winavr-20100110/bin/../lib/gcc/avr/4.3.3/../../../../avr/lib/avr5/crtm32.o
LOAD ./03_APP/EEPROM_With_I2C/APP.o
LOAD ./03_APP/Delay.o
LOAD ./02_HAL/_7_SEG/_7_SEG.o
LOAD ./02_HAL/_7_SEG/_7_SEG_Confg.o
LOAD ./02_HAL/SW/SW.o
LOAD ./02_HAL/SW/SW_Confg.o
LOAD ./02_HAL/LED/LED.o
LOAD ./02_HAL/LED/LED_Confg.o
LOAD ./02_HAL/LCD/LCD.o
LOAD ./02_HAL/LCD/LCD_Config.o
LOAD ./02_HAL/KEYPAD/KeyPad.o
LOAD ./02_HAL/KEYPAD/KeyPad_confg.o
LOAD ./02_HAL/EEPROM/EEPROM.o
LOAD ./01_MCAL/TIMER/Timer1/TIMER1.o
LOAD ./01_MCAL/TIMER/Timer0and2/TIMER.o
LOAD ./01_MCAL/TIMER/Timer0and2/TIMER_Confg.o
LOAD ./01_MCAL/PORT/Assembler1.o
LOAD ./01_MCAL/PORT/PORT.o
LOAD ./01_MCAL/PORT/PORT_Confg.o
LOAD ./01_MCAL/ICU/ICU.o
LOAD ./01_MCAL/I2C/I2C.o
LOAD ./01_MCAL/EXT-INT/Ext_Interrupts.o
LOAD ./01_MCAL/DIO/DIO.o
LOAD ./01_MCAL/DIO/DIO_Confg.o
LOAD ./.metadata/.plugins/org.eclipse.cdt.managedbuilder.core/spec.o
LOAD ./.metadata/.plugins/org.eclipse.cdt.make.core/specs.o
LOAD c:/winavr-20100110/bin/../lib/gcc/avr/4.3.3/avr5\libgcc.a
LOAD c:/winavr-20100110/bin/../lib/gcc/avr/4.3.3/../../../../avr/lib/avr5\libc.a
LOAD c:/winavr-20100110/bin/../lib/gcc/avr/4.3.3/avr5\libgcc.a

.hash
 *(.hash)

.dynsym
 *(.dynsym)

.dynstr
 *(.dynstr)

.gnu.version
 *(.gnu.version)

.gnu.version_d
 *(.gnu.version_d)

.gnu.version_r
 *(.gnu.version_r)

.rel.init
 *(.rel.init)

.rela.init
 *(.rela.init)

.rel.text
 *(.rel.text)
 *(.rel.text.*)
 *(.rel.gnu.linkonce.t*)

.rela.text
 *(.rela.text)
 *(.rela.text.*)
 *(.rela.gnu.linkonce.t*)

.rel.fini
 *(.rel.fini)

.rela.fini
 *(.rela.fini)

.rel.rodata
 *(.rel.rodata)
 *(.rel.rodata.*)
 *(.rel.gnu.linkonce.r*)

.rela.rodata
 *(.rela.rodata)
 *(.rela.rodata.*)
 *(.rela.gnu.linkonce.r*)

.rel.data
 *(.rel.data)
 *(.rel.data.*)
 *(.rel.gnu.linkonce.d*)

.rela.data
 *(.rela.data)
 *(.rela.data.*)
 *(.rela.gnu.linkonce.d*)

.rel.ctors
 *(.rel.ctors)

.rela.ctors
 *(.rela.ctors)

.rel.dtors
 *(.rel.dtors)

.rela.dtors
 *(.rela.dtors)

.rel.got
 *(.rel.got)

.rela.got
 *(.rela.got)

.rel.bss
 *(.rel.bss)

.rela.bss
 *(.rela.bss)

.rel.plt
 *(.rel.plt)

.rela.plt
 *(.rela.plt)

.text           0x00000000     0x4c08
 *(.vectors)
 .vectors       0x00000000       0x54 c:/winavr-20100110/bin/../lib/gcc/avr/4.3.3/../../../../avr/lib/avr5/crtm32.o
                0x00000000                __vectors
                0x00000000                __vector_default
 *(.vectors)
 *(.progmem.gcc*)
 *(.progmem*)
                0x00000054                . = ALIGN (0x2)
                0x00000054                __trampolines_start = .
 *(.trampolines)
 .trampolines   0x00000054        0x0 linker stubs
 *(.trampolines*)
                0x00000054                __trampolines_end = .
 *(.jumptables)
 *(.jumptables*)
 *(.lowtext)
 *(.lowtext*)
                0x00000054                __ctors_start = .
 *(.ctors)
                0x00000054                __ctors_end = .
                0x00000054                __dtors_start = .
 *(.dtors)
                0x00000054                __dtors_end = .
 SORT(*)(.ctors)
 SORT(*)(.dtors)
 *(.init0)
 .init0         0x00000054        0x0 c:/winavr-20100110/bin/../lib/gcc/avr/4.3.3/../../../../avr/lib/avr5/crtm32.o
                0x00000054                __init
 *(.init0)
 *(.init1)
 *(.init1)
 *(.init2)
 .init2         0x00000054        0xc c:/winavr-20100110/bin/../lib/gcc/avr/4.3.3/../../../../avr/lib/avr5/crtm32.o
 *(.init2)
 *(.init3)
 *(.init3)
 *(.init4)
 .init4         0x00000060       0x16 c:/winavr-20100110/bin/../lib/gcc/avr/4.3.3/avr5\libgcc.a(_copy_data.o)
                0x00000060                __do_copy_data
 .init4         0x00000076       0x10 c:/winavr-20100110/bin/../lib/gcc/avr/4.3.3/avr5\libgcc.a(_clear_bss.o)
                0x00000076                __do_clear_bss
 *(.init4)
 *(.init5)
 *(.init5)
 *(.init6)
 *(.init6)
 *(.init7)
 *(.init7)
 *(.init8)
 *(.init8)
 *(.init9)
 .init9         0x00000086        0x8 c:/winavr-20100110/bin/../lib/gcc/avr/4.3.3/../../../../avr/lib/avr5/crtm32.o
 *(.init9)
 *(.text)
 .text          0x0000008e        0x4 c:/winavr-20100110/bin/../lib/gcc/avr/4.3.3/../../../../avr/lib/avr5/crtm32.o
                0x0000008e                __vector_12
                0x0000008e                __bad_interrupt
                0x0000008e                __vector_6
                0x0000008e                __vector_11
                0x0000008e                __vector_13
                0x0000008e                __vector_17
                0x0000008e                __vector_19
                0x0000008e                __vector_7
                0x0000008e                __vector_5
                0x0000008e                __vector_4
                0x0000008e                __vector_9
                0x0000008e                __vector_15
                0x0000008e                __vector_8
                0x0000008e                __vector_14
                0x0000008e                __vector_10
                0x0000008e                __vector_16
                0x0000008e                __vector_18
                0x0000008e                __vector_20
 .text          0x00000092        0x0 ./03_APP/EEPROM_With_I2C/APP.o
 .text          0x00000092        0x0 ./03_APP/Delay.o
 .text          0x00000092        0x0 ./02_HAL/_7_SEG/_7_SEG.o
 .text          0x00000092        0x0 ./02_HAL/_7_SEG/_7_SEG_Confg.o
 .text          0x00000092        0x0 ./02_HAL/SW/SW.o
 .text          0x00000092        0x0 ./02_HAL/SW/SW_Confg.o
 .text          0x00000092        0x0 ./02_HAL/LED/LED.o
 .text          0x00000092        0x0 ./02_HAL/LED/LED_Confg.o
 .text          0x00000092        0x0 ./02_HAL/LCD/LCD.o
 .text          0x00000092        0x0 ./02_HAL/LCD/LCD_Config.o
 .text          0x00000092        0x0 ./02_HAL/KEYPAD/KeyPad.o
 .text          0x00000092        0x0 ./02_HAL/KEYPAD/KeyPad_confg.o
 .text          0x00000092        0x0 ./02_HAL/EEPROM/EEPROM.o
 .text          0x00000092        0x0 ./01_MCAL/TIMER/Timer1/TIMER1.o
 .text          0x00000092        0x0 ./01_MCAL/TIMER/Timer0and2/TIMER.o
 .text          0x00000092        0x0 ./01_MCAL/TIMER/Timer0and2/TIMER_Confg.o
 .text          0x00000092        0x0 ./01_MCAL/PORT/Assembler1.o
 .text          0x00000092        0x0 ./01_MCAL/PORT/PORT.o
 .text          0x00000092        0x0 ./01_MCAL/PORT/PORT_Confg.o
 .text          0x00000092        0x0 ./01_MCAL/ICU/ICU.o
 .text          0x00000092        0x0 ./01_MCAL/I2C/I2C.o
 .text          0x00000092        0x0 ./01_MCAL/EXT-INT/Ext_Interrupts.o
 .text          0x00000092        0x0 ./01_MCAL/DIO/DIO.o
 .text          0x00000092        0x0 ./01_MCAL/DIO/DIO_Confg.o
 .text          0x00000092        0x0 ./.metadata/.plugins/org.eclipse.cdt.managedbuilder.core/spec.o
 .text          0x00000092        0x0 ./.metadata/.plugins/org.eclipse.cdt.make.core/specs.o
 .text          0x00000092        0x0 c:/winavr-20100110/bin/../lib/gcc/avr/4.3.3/avr5\libgcc.a(_udivmodhi4.o)
 .text          0x00000092        0x0 c:/winavr-20100110/bin/../lib/gcc/avr/4.3.3/avr5\libgcc.a(_divmodhi4.o)
 .text          0x00000092        0x0 c:/winavr-20100110/bin/../lib/gcc/avr/4.3.3/avr5\libgcc.a(_udivmodsi4.o)
 .text          0x00000092        0x0 c:/winavr-20100110/bin/../lib/gcc/avr/4.3.3/avr5\libgcc.a(_exit.o)
 .text          0x00000092        0x0 c:/winavr-20100110/bin/../lib/gcc/avr/4.3.3/avr5\libgcc.a(_copy_data.o)
 .text          0x00000092        0x0 c:/winavr-20100110/bin/../lib/gcc/avr/4.3.3/avr5\libgcc.a(_clear_bss.o)
 .text          0x00000092       0x58 c:/winavr-20100110/bin/../lib/gcc/avr/4.3.3/avr5\libgcc.a(_fixunssfsi.o)
                0x00000092                __fixunssfsi
 .text          0x000000ea      0x354 c:/winavr-20100110/bin/../lib/gcc/avr/4.3.3/avr5\libgcc.a(_addsub_sf.o)
                0x00000382                __subsf3
                0x000003e4                __addsf3
 .text          0x0000043e      0x1f4 c:/winavr-20100110/bin/../lib/gcc/avr/4.3.3/avr5\libgcc.a(_mul_sf.o)
                0x0000043e                __mulsf3
 .text          0x00000632      0x158 c:/winavr-20100110/bin/../lib/gcc/avr/4.3.3/avr5\libgcc.a(_div_sf.o)
                0x00000632                __divsf3
 .text          0x0000078a       0x60 c:/winavr-20100110/bin/../lib/gcc/avr/4.3.3/avr5\libgcc.a(_gt_sf.o)
                0x0000078a                __gtsf2
 .text          0x000007ea       0x60 c:/winavr-20100110/bin/../lib/gcc/avr/4.3.3/avr5\libgcc.a(_ge_sf.o)
                0x000007ea                __gesf2
 .text          0x0000084a       0x60 c:/winavr-20100110/bin/../lib/gcc/avr/4.3.3/avr5\libgcc.a(_lt_sf.o)
                0x0000084a                __ltsf2
 .text          0x000008aa       0xa8 c:/winavr-20100110/bin/../lib/gcc/avr/4.3.3/avr5\libgcc.a(_sf_to_si.o)
                0x000008aa                __fixsfsi
 .text          0x00000952        0x0 c:/winavr-20100110/bin/../lib/gcc/avr/4.3.3/avr5\libgcc.a(_thenan_sf.o)
 .text          0x00000952       0xf2 c:/winavr-20100110/bin/../lib/gcc/avr/4.3.3/avr5\libgcc.a(_usi_to_sf.o)
                0x00000952                __floatunsisf
 .text          0x00000a44        0x0 c:/winavr-20100110/bin/../lib/gcc/avr/4.3.3/avr5\libgcc.a(_prologue.o)
 .text          0x00000a44        0x0 c:/winavr-20100110/bin/../lib/gcc/avr/4.3.3/avr5\libgcc.a(_epilogue.o)
 .text          0x00000a44       0x9e c:/winavr-20100110/bin/../lib/gcc/avr/4.3.3/avr5\libgcc.a(_clzsi2.o)
                0x00000a44                __clzsi2
 .text          0x00000ae2      0x1aa c:/winavr-20100110/bin/../lib/gcc/avr/4.3.3/avr5\libgcc.a(_pack_sf.o)
                0x00000ae2                __pack_f
 .text          0x00000c8c       0xf0 c:/winavr-20100110/bin/../lib/gcc/avr/4.3.3/avr5\libgcc.a(_unpack_sf.o)
                0x00000c8c                __unpack_f
 .text          0x00000d7c       0xb2 c:/winavr-20100110/bin/../lib/gcc/avr/4.3.3/avr5\libgcc.a(_fpcmp_parts_sf.o)
                0x00000d7c                __fpcmp_parts_f
 .text          0x00000e2e        0x0 c:/winavr-20100110/bin/../lib/gcc/avr/4.3.3/avr5\libgcc.a(_clz.o)
                0x00000e2e                . = ALIGN (0x2)
 *(.text.*)
 .text.main     0x00000e2e      0x12c ./03_APP/EEPROM_With_I2C/APP.o
                0x00000e2e                main
 .text.Delay    0x00000f5a       0xac ./03_APP/Delay.o
                0x00000f5a                Delay
 .text._7SEG_init
                0x00001006      0x30a ./02_HAL/_7_SEG/_7_SEG.o
                0x00001006                _7SEG_init
 .text._7SEG_enuSetValue
                0x00001310      0x22c ./02_HAL/_7_SEG/_7_SEG.o
                0x00001310                _7SEG_enuSetValue
 .text._7SEG_enuSetValueForAllSegs
                0x0000153c       0xc6 ./02_HAL/_7_SEG/_7_SEG.o
                0x0000153c                _7SEG_enuSetValueForAllSegs
 .text.SW_enumInit
                0x00001602      0x160 ./02_HAL/SW/SW.o
                0x00001602                SW_enumInit
 .text.SW_enumReadSWState
                0x00001762       0x88 ./02_HAL/SW/SW.o
                0x00001762                SW_enumReadSWState
 .text.LED_enumInit
                0x000017ea      0x29c ./02_HAL/LED/LED.o
                0x000017ea                LED_enumInit
 .text.LED_enumSetValue
                0x00001a86      0x190 ./02_HAL/LED/LED.o
                0x00001a86                LED_enumSetValue
 .text.LCD_enuWriteData
                0x00001c16       0xf8 ./02_HAL/LCD/LCD.o
                0x00001c16                LCD_enuWriteData
 .text.LCD_enuWriteCommand
                0x00001d0e       0xf8 ./02_HAL/LCD/LCD.o
                0x00001d0e                LCD_enuWriteCommand
 .text.LCD_init
                0x00001e06       0xd8 ./02_HAL/LCD/LCD.o
                0x00001e06                LCD_init
 .text.LCD_enuGotoDDRAM_XY
                0x00001ede       0x76 ./02_HAL/LCD/LCD.o
                0x00001ede                LCD_enuGotoDDRAM_XY
 .text.LCD_enuWriteNumber
                0x00001f54       0xb0 ./02_HAL/LCD/LCD.o
                0x00001f54                LCD_enuWriteNumber
 .text.LCD_enuWriteString
                0x00002004       0x52 ./02_HAL/LCD/LCD.o
                0x00002004                LCD_enuWriteString
 .text.LCD_enuDisplaySpecialPattern
                0x00002056       0xa6 ./02_HAL/LCD/LCD.o
                0x00002056                LCD_enuDisplaySpecialPattern
 .text.Enable   0x000020fc       0x46 ./02_HAL/LCD/LCD.o
 .text.KEYPAD_init
                0x00002142       0xe6 ./02_HAL/KEYPAD/KeyPad.o
                0x00002142                KEYPAD_init
 .text.KEYPAD_enuGetKey
                0x00002228      0x16e ./02_HAL/KEYPAD/KeyPad.o
                0x00002228                KEYPAD_enuGetKey
 .text.EEPROM_WriteSingleData
                0x00002396      0x132 ./02_HAL/EEPROM/EEPROM.o
                0x00002396                EEPROM_WriteSingleData
 .text.EEPROM_ReadSingleData
                0x000024c8       0x48 ./02_HAL/EEPROM/EEPROM.o
                0x000024c8                EEPROM_ReadSingleData
 .text.two_power
                0x00002510       0x46 ./01_MCAL/TIMER/Timer1/TIMER1.o
                0x00002510                two_power
 .text.TMR1_voidInitPreCompile
                0x00002556       0x6e ./01_MCAL/TIMER/Timer1/TIMER1.o
                0x00002556                TMR1_voidInitPreCompile
 .text.TMR1_enuStart
                0x000025c4       0x2a ./01_MCAL/TIMER/Timer1/TIMER1.o
                0x000025c4                TMR1_enuStart
 .text.TMR1_enuSetDutyCycleFastPWM
                0x000025ee      0x21c ./01_MCAL/TIMER/Timer1/TIMER1.o
                0x000025ee                TMR1_enuSetDutyCycleFastPWM
 .text.TMR1_enuSetDutyCyclePhasePWM
                0x0000280a      0x21c ./01_MCAL/TIMER/Timer1/TIMER1.o
                0x0000280a                TMR1_enuSetDutyCyclePhasePWM
 .text.TMR0_voidInitPreCompile
                0x00002a26       0x38 ./01_MCAL/TIMER/Timer0and2/TIMER.o
                0x00002a26                TMR0_voidInitPreCompile
 .text.TMR0_enuStart
                0x00002a5e       0x1c ./01_MCAL/TIMER/Timer0and2/TIMER.o
                0x00002a5e                TMR0_enuStart
 .text.TMR0_enuSetDutyCycleFastPWM
                0x00002a7a       0xdc ./01_MCAL/TIMER/Timer0and2/TIMER.o
                0x00002a7a                TMR0_enuSetDutyCycleFastPWM
 .text.TMR0_enuSetDutyCyclePhaseCorrection
                0x00002b56       0xdc ./01_MCAL/TIMER/Timer0and2/TIMER.o
                0x00002b56                TMR0_enuSetDutyCyclePhaseCorrection
 .text.PORT_vidInit
                0x00002c32      0x4a8 ./01_MCAL/PORT/PORT.o
                0x00002c32                PORT_vidInit
 .text.Icu_vidInit
                0x000030da       0x44 ./01_MCAL/ICU/ICU.o
                0x000030da                Icu_vidInit
 .text.Icu_vidEnableInterrupt
                0x0000311e       0x1c ./01_MCAL/ICU/ICU.o
                0x0000311e                Icu_vidEnableInterrupt
 .text.Icu_vidDisableInterrupt
                0x0000313a       0x1a ./01_MCAL/ICU/ICU.o
                0x0000313a                Icu_vidDisableInterrupt
 .text.Icu_vidChangeTrigger
                0x00003154       0x56 ./01_MCAL/ICU/ICU.o
                0x00003154                Icu_vidChangeTrigger
 .text.Icu_vidReadValue
                0x000031aa       0x30 ./01_MCAL/ICU/ICU.o
                0x000031aa                Icu_vidReadValue
 .text.Icu_vidCalculations
                0x000031da      0x1ce ./01_MCAL/ICU/ICU.o
                0x000031da                Icu_vidCalculations
 .text.GetPower
                0x000033a8       0x56 ./01_MCAL/I2C/I2C.o
 .text.I2C_MASTER_init
                0x000033fe       0xa6 ./01_MCAL/I2C/I2C.o
                0x000033fe                I2C_MASTER_init
 .text.I2C_SendSTART
                0x000034a4       0xcc ./01_MCAL/I2C/I2C.o
                0x000034a4                I2C_SendSTART
 .text.I2C_SendSTOP
                0x00003570       0x16 ./01_MCAL/I2C/I2C.o
                0x00003570                I2C_SendSTOP
 .text.I2C_SetSlaveAddress
                0x00003586       0x36 ./01_MCAL/I2C/I2C.o
                0x00003586                I2C_SetSlaveAddress
 .text.I2C_SendData
                0x000035bc       0xd6 ./01_MCAL/I2C/I2C.o
                0x000035bc                I2C_SendData
 .text.I2C_SendAddress
                0x00003692       0xec ./01_MCAL/I2C/I2C.o
                0x00003692                I2C_SendAddress
 .text.I2C_SlaveReadData
                0x0000377e      0x18c ./01_MCAL/I2C/I2C.o
                0x0000377e                I2C_SlaveReadData
 .text.I2C_SendRepeatedStart
                0x0000390a       0xcc ./01_MCAL/I2C/I2C.o
                0x0000390a                I2C_SendRepeatedStart
 .text.I2C_MasterReadDataWithACK
                0x000039d6       0xea ./01_MCAL/I2C/I2C.o
                0x000039d6                I2C_MasterReadDataWithACK
 .text.I2C_MasterReadDataWithNACK
                0x00003ac0       0xea ./01_MCAL/I2C/I2C.o
                0x00003ac0                I2C_MasterReadDataWithNACK
 .text.EXT_INT_enumInit
                0x00003baa       0x8a ./01_MCAL/EXT-INT/Ext_Interrupts.o
                0x00003baa                EXT_INT_enumInit
 .text.setcallback_INT0
                0x00003c34       0x24 ./01_MCAL/EXT-INT/Ext_Interrupts.o
                0x00003c34                setcallback_INT0
 .text.setcallback_INT1
                0x00003c58       0x24 ./01_MCAL/EXT-INT/Ext_Interrupts.o
                0x00003c58                setcallback_INT1
 .text.setcallback_INT2
                0x00003c7c       0x24 ./01_MCAL/EXT-INT/Ext_Interrupts.o
                0x00003c7c                setcallback_INT2
 .text.__vector_1
                0x00003ca0       0x66 ./01_MCAL/EXT-INT/Ext_Interrupts.o
                0x00003ca0                __vector_1
 .text.__vector_2
                0x00003d06       0x66 ./01_MCAL/EXT-INT/Ext_Interrupts.o
                0x00003d06                __vector_2
 .text.__vector_3
                0x00003d6c       0x66 ./01_MCAL/EXT-INT/Ext_Interrupts.o
                0x00003d6c                __vector_3
 .text.DIO_enumSetPinConfig
                0x00003dd2      0x68a ./01_MCAL/DIO/DIO.o
                0x00003dd2                DIO_enumSetPinConfig
 .text.DIO_enumSetPortConfig
                0x0000445c      0x284 ./01_MCAL/DIO/DIO.o
                0x0000445c                DIO_enumSetPortConfig
 .text.DIO_enumSetPin
                0x000046e0      0x24e ./01_MCAL/DIO/DIO.o
                0x000046e0                DIO_enumSetPin
 .text.DIO_enumSetPort
                0x0000492e       0x9a ./01_MCAL/DIO/DIO.o
                0x0000492e                DIO_enumSetPort
 .text.DIO_enumReadState
                0x000049c8      0x13c ./01_MCAL/DIO/DIO.o
                0x000049c8                DIO_enumReadState
 .text.libgcc   0x00004b04       0x28 c:/winavr-20100110/bin/../lib/gcc/avr/4.3.3/avr5\libgcc.a(_udivmodhi4.o)
                0x00004b04                __udivmodhi4
 .text.libgcc   0x00004b2c       0x26 c:/winavr-20100110/bin/../lib/gcc/avr/4.3.3/avr5\libgcc.a(_divmodhi4.o)
                0x00004b2c                __divmodhi4
                0x00004b2c                _div
 .text.libgcc   0x00004b52       0x44 c:/winavr-20100110/bin/../lib/gcc/avr/4.3.3/avr5\libgcc.a(_udivmodsi4.o)
                0x00004b52                __udivmodsi4
 .text.libgcc   0x00004b96        0x0 c:/winavr-20100110/bin/../lib/gcc/avr/4.3.3/avr5\libgcc.a(_exit.o)
 .text.libgcc   0x00004b96        0x0 c:/winavr-20100110/bin/../lib/gcc/avr/4.3.3/avr5\libgcc.a(_copy_data.o)
 .text.libgcc   0x00004b96        0x0 c:/winavr-20100110/bin/../lib/gcc/avr/4.3.3/avr5\libgcc.a(_clear_bss.o)
 .text.libgcc   0x00004b96       0x38 c:/winavr-20100110/bin/../lib/gcc/avr/4.3.3/avr5\libgcc.a(_prologue.o)
                0x00004b96                __prologue_saves__
 .text.libgcc   0x00004bce       0x36 c:/winavr-20100110/bin/../lib/gcc/avr/4.3.3/avr5\libgcc.a(_epilogue.o)
                0x00004bce                __epilogue_restores__
                0x00004c04                . = ALIGN (0x2)
 *(.fini9)
 .fini9         0x00004c04        0x0 c:/winavr-20100110/bin/../lib/gcc/avr/4.3.3/avr5\libgcc.a(_exit.o)
                0x00004c04                exit
                0x00004c04                _exit
 *(.fini9)
 *(.fini8)
 *(.fini8)
 *(.fini7)
 *(.fini7)
 *(.fini6)
 *(.fini6)
 *(.fini5)
 *(.fini5)
 *(.fini4)
 *(.fini4)
 *(.fini3)
 *(.fini3)
 *(.fini2)
 *(.fini2)
 *(.fini1)
 *(.fini1)
 *(.fini0)
 .fini0         0x00004c04        0x4 c:/winavr-20100110/bin/../lib/gcc/avr/4.3.3/avr5\libgcc.a(_exit.o)
 *(.fini0)
                0x00004c08                _etext = .

.data           0x00800060      0x186 load address 0x00004c08
                0x00800060                PROVIDE (__data_start, .)
 *(.data)
 .data          0x00800060        0x0 c:/winavr-20100110/bin/../lib/gcc/avr/4.3.3/../../../../avr/lib/avr5/crtm32.o
 .data          0x00800060        0x0 ./03_APP/EEPROM_With_I2C/APP.o
 .data          0x00800060        0x0 ./03_APP/Delay.o
 .data          0x00800060        0x0 ./02_HAL/_7_SEG/_7_SEG.o
 .data          0x00800060        0x0 ./02_HAL/_7_SEG/_7_SEG_Confg.o
 .data          0x00800060        0x0 ./02_HAL/SW/SW.o
 .data          0x00800060        0x0 ./02_HAL/SW/SW_Confg.o
 .data          0x00800060        0x0 ./02_HAL/LED/LED.o
 .data          0x00800060        0x0 ./02_HAL/LED/LED_Confg.o
 .data          0x00800060        0x0 ./02_HAL/LCD/LCD.o
 .data          0x00800060        0x0 ./02_HAL/LCD/LCD_Config.o
 .data          0x00800060        0x0 ./02_HAL/KEYPAD/KeyPad.o
 .data          0x00800060        0x0 ./02_HAL/KEYPAD/KeyPad_confg.o
 .data          0x00800060        0x0 ./02_HAL/EEPROM/EEPROM.o
 .data          0x00800060        0x0 ./01_MCAL/TIMER/Timer1/TIMER1.o
 .data          0x00800060        0x0 ./01_MCAL/TIMER/Timer0and2/TIMER.o
 .data          0x00800060        0x0 ./01_MCAL/TIMER/Timer0and2/TIMER_Confg.o
 .data          0x00800060        0x0 ./01_MCAL/PORT/Assembler1.o
 .data          0x00800060        0x0 ./01_MCAL/PORT/PORT.o
 .data          0x00800060        0x0 ./01_MCAL/PORT/PORT_Confg.o
 .data          0x00800060        0x0 ./01_MCAL/ICU/ICU.o
 .data          0x00800060        0x0 ./01_MCAL/I2C/I2C.o
 .data          0x00800060        0x0 ./01_MCAL/EXT-INT/Ext_Interrupts.o
 .data          0x00800060        0x0 ./01_MCAL/DIO/DIO.o
 .data          0x00800060        0x0 ./01_MCAL/DIO/DIO_Confg.o
 .data          0x00800060        0x0 ./.metadata/.plugins/org.eclipse.cdt.managedbuilder.core/spec.o
 .data          0x00800060        0x0 ./.metadata/.plugins/org.eclipse.cdt.make.core/specs.o
 .data          0x00800060        0x0 c:/winavr-20100110/bin/../lib/gcc/avr/4.3.3/avr5\libgcc.a(_udivmodhi4.o)
 .data          0x00800060        0x0 c:/winavr-20100110/bin/../lib/gcc/avr/4.3.3/avr5\libgcc.a(_divmodhi4.o)
 .data          0x00800060        0x0 c:/winavr-20100110/bin/../lib/gcc/avr/4.3.3/avr5\libgcc.a(_udivmodsi4.o)
 .data          0x00800060        0x0 c:/winavr-20100110/bin/../lib/gcc/avr/4.3.3/avr5\libgcc.a(_exit.o)
 .data          0x00800060        0x0 c:/winavr-20100110/bin/../lib/gcc/avr/4.3.3/avr5\libgcc.a(_copy_data.o)
 .data          0x00800060        0x0 c:/winavr-20100110/bin/../lib/gcc/avr/4.3.3/avr5\libgcc.a(_clear_bss.o)
 .data          0x00800060        0x0 c:/winavr-20100110/bin/../lib/gcc/avr/4.3.3/avr5\libgcc.a(_fixunssfsi.o)
 .data          0x00800060        0x0 c:/winavr-20100110/bin/../lib/gcc/avr/4.3.3/avr5\libgcc.a(_addsub_sf.o)
 .data          0x00800060        0x0 c:/winavr-20100110/bin/../lib/gcc/avr/4.3.3/avr5\libgcc.a(_mul_sf.o)
 .data          0x00800060        0x0 c:/winavr-20100110/bin/../lib/gcc/avr/4.3.3/avr5\libgcc.a(_div_sf.o)
 .data          0x00800060        0x0 c:/winavr-20100110/bin/../lib/gcc/avr/4.3.3/avr5\libgcc.a(_gt_sf.o)
 .data          0x00800060        0x0 c:/winavr-20100110/bin/../lib/gcc/avr/4.3.3/avr5\libgcc.a(_ge_sf.o)
 .data          0x00800060        0x0 c:/winavr-20100110/bin/../lib/gcc/avr/4.3.3/avr5\libgcc.a(_lt_sf.o)
 .data          0x00800060        0x0 c:/winavr-20100110/bin/../lib/gcc/avr/4.3.3/avr5\libgcc.a(_sf_to_si.o)
 .data          0x00800060        0x8 c:/winavr-20100110/bin/../lib/gcc/avr/4.3.3/avr5\libgcc.a(_thenan_sf.o)
                0x00800060                __thenan_sf
 .data          0x00800068        0x0 c:/winavr-20100110/bin/../lib/gcc/avr/4.3.3/avr5\libgcc.a(_usi_to_sf.o)
 .data          0x00800068        0x0 c:/winavr-20100110/bin/../lib/gcc/avr/4.3.3/avr5\libgcc.a(_prologue.o)
 .data          0x00800068        0x0 c:/winavr-20100110/bin/../lib/gcc/avr/4.3.3/avr5\libgcc.a(_epilogue.o)
 .data          0x00800068        0x0 c:/winavr-20100110/bin/../lib/gcc/avr/4.3.3/avr5\libgcc.a(_clzsi2.o)
 .data          0x00800068        0x0 c:/winavr-20100110/bin/../lib/gcc/avr/4.3.3/avr5\libgcc.a(_pack_sf.o)
 .data          0x00800068        0x0 c:/winavr-20100110/bin/../lib/gcc/avr/4.3.3/avr5\libgcc.a(_unpack_sf.o)
 .data          0x00800068        0x0 c:/winavr-20100110/bin/../lib/gcc/avr/4.3.3/avr5\libgcc.a(_fpcmp_parts_sf.o)
 .data          0x00800068      0x100 c:/winavr-20100110/bin/../lib/gcc/avr/4.3.3/avr5\libgcc.a(_clz.o)
                0x00800068                __clz_tab
 *(.data*)
 .data._7SEGs   0x00800168       0x11 ./02_HAL/_7_SEG/_7_SEG_Confg.o
                0x00800168                _7SEGs
 .data.SWs      0x00800179        0x3 ./02_HAL/SW/SW_Confg.o
                0x00800179                SWs
 .data.LEDs     0x0080017c        0x4 ./02_HAL/LED/LED_Confg.o
                0x0080017c                LEDs
 .data.LCD_Pins
                0x00800180       0x14 ./02_HAL/LCD/LCD_Config.o
                0x00800180                LCD_Pins
 .data.KeyPadPins
                0x00800194       0x18 ./02_HAL/KEYPAD/KeyPad_confg.o
                0x00800194                KeyPadPins
 .data.KeyPadStyle
                0x008001ac       0x10 ./02_HAL/KEYPAD/KeyPad_confg.o
                0x008001ac                KeyPadStyle
 .data.PORT_PinConfg
                0x008001bc       0x20 ./01_MCAL/PORT/PORT_Confg.o
                0x008001bc                PORT_PinConfg
 *(.rodata)
 *(.rodata*)
 .rodata.C.0.1352
                0x008001dc        0xa ./02_HAL/_7_SEG/_7_SEG.o
 *(.gnu.linkonce.d*)
                0x008001e6                . = ALIGN (0x2)
                0x008001e6                _edata = .
                0x008001e6                PROVIDE (__data_end, .)

.bss            0x008001e6        0x6
                0x008001e6                PROVIDE (__bss_start, .)
 *(.bss)
 .bss           0x008001e6        0x0 c:/winavr-20100110/bin/../lib/gcc/avr/4.3.3/../../../../avr/lib/avr5/crtm32.o
 .bss           0x008001e6        0x0 ./03_APP/EEPROM_With_I2C/APP.o
 .bss           0x008001e6        0x0 ./03_APP/Delay.o
 .bss           0x008001e6        0x0 ./02_HAL/_7_SEG/_7_SEG.o
 .bss           0x008001e6        0x0 ./02_HAL/_7_SEG/_7_SEG_Confg.o
 .bss           0x008001e6        0x0 ./02_HAL/SW/SW.o
 .bss           0x008001e6        0x0 ./02_HAL/SW/SW_Confg.o
 .bss           0x008001e6        0x0 ./02_HAL/LED/LED.o
 .bss           0x008001e6        0x0 ./02_HAL/LED/LED_Confg.o
 .bss           0x008001e6        0x0 ./02_HAL/LCD/LCD.o
 .bss           0x008001e6        0x0 ./02_HAL/LCD/LCD_Config.o
 .bss           0x008001e6        0x0 ./02_HAL/KEYPAD/KeyPad.o
 .bss           0x008001e6        0x0 ./02_HAL/KEYPAD/KeyPad_confg.o
 .bss           0x008001e6        0x0 ./02_HAL/EEPROM/EEPROM.o
 .bss           0x008001e6        0x0 ./01_MCAL/TIMER/Timer1/TIMER1.o
 .bss           0x008001e6        0x0 ./01_MCAL/TIMER/Timer0and2/TIMER.o
 .bss           0x008001e6        0x0 ./01_MCAL/TIMER/Timer0and2/TIMER_Confg.o
 .bss           0x008001e6        0x0 ./01_MCAL/PORT/Assembler1.o
 .bss           0x008001e6        0x0 ./01_MCAL/PORT/PORT.o
 .bss           0x008001e6        0x0 ./01_MCAL/PORT/PORT_Confg.o
 .bss           0x008001e6        0x0 ./01_MCAL/ICU/ICU.o
 .bss           0x008001e6        0x0 ./01_MCAL/I2C/I2C.o
 .bss           0x008001e6        0x0 ./01_MCAL/EXT-INT/Ext_Interrupts.o
 .bss           0x008001e6        0x0 ./01_MCAL/DIO/DIO.o
 .bss           0x008001e6        0x0 ./01_MCAL/DIO/DIO_Confg.o
 .bss           0x008001e6        0x0 ./.metadata/.plugins/org.eclipse.cdt.managedbuilder.core/spec.o
 .bss           0x008001e6        0x0 ./.metadata/.plugins/org.eclipse.cdt.make.core/specs.o
 .bss           0x008001e6        0x0 c:/winavr-20100110/bin/../lib/gcc/avr/4.3.3/avr5\libgcc.a(_udivmodhi4.o)
 .bss           0x008001e6        0x0 c:/winavr-20100110/bin/../lib/gcc/avr/4.3.3/avr5\libgcc.a(_divmodhi4.o)
 .bss           0x008001e6        0x0 c:/winavr-20100110/bin/../lib/gcc/avr/4.3.3/avr5\libgcc.a(_udivmodsi4.o)
 .bss           0x008001e6        0x0 c:/winavr-20100110/bin/../lib/gcc/avr/4.3.3/avr5\libgcc.a(_exit.o)
 .bss           0x008001e6        0x0 c:/winavr-20100110/bin/../lib/gcc/avr/4.3.3/avr5\libgcc.a(_copy_data.o)
 .bss           0x008001e6        0x0 c:/winavr-20100110/bin/../lib/gcc/avr/4.3.3/avr5\libgcc.a(_clear_bss.o)
 .bss           0x008001e6        0x0 c:/winavr-20100110/bin/../lib/gcc/avr/4.3.3/avr5\libgcc.a(_fixunssfsi.o)
 .bss           0x008001e6        0x0 c:/winavr-20100110/bin/../lib/gcc/avr/4.3.3/avr5\libgcc.a(_addsub_sf.o)
 .bss           0x008001e6        0x0 c:/winavr-20100110/bin/../lib/gcc/avr/4.3.3/avr5\libgcc.a(_mul_sf.o)
 .bss           0x008001e6        0x0 c:/winavr-20100110/bin/../lib/gcc/avr/4.3.3/avr5\libgcc.a(_div_sf.o)
 .bss           0x008001e6        0x0 c:/winavr-20100110/bin/../lib/gcc/avr/4.3.3/avr5\libgcc.a(_gt_sf.o)
 .bss           0x008001e6        0x0 c:/winavr-20100110/bin/../lib/gcc/avr/4.3.3/avr5\libgcc.a(_ge_sf.o)
 .bss           0x008001e6        0x0 c:/winavr-20100110/bin/../lib/gcc/avr/4.3.3/avr5\libgcc.a(_lt_sf.o)
 .bss           0x008001e6        0x0 c:/winavr-20100110/bin/../lib/gcc/avr/4.3.3/avr5\libgcc.a(_sf_to_si.o)
 .bss           0x008001e6        0x0 c:/winavr-20100110/bin/../lib/gcc/avr/4.3.3/avr5\libgcc.a(_thenan_sf.o)
 .bss           0x008001e6        0x0 c:/winavr-20100110/bin/../lib/gcc/avr/4.3.3/avr5\libgcc.a(_usi_to_sf.o)
 .bss           0x008001e6        0x0 c:/winavr-20100110/bin/../lib/gcc/avr/4.3.3/avr5\libgcc.a(_prologue.o)
 .bss           0x008001e6        0x0 c:/winavr-20100110/bin/../lib/gcc/avr/4.3.3/avr5\libgcc.a(_epilogue.o)
 .bss           0x008001e6        0x0 c:/winavr-20100110/bin/../lib/gcc/avr/4.3.3/avr5\libgcc.a(_clzsi2.o)
 .bss           0x008001e6        0x0 c:/winavr-20100110/bin/../lib/gcc/avr/4.3.3/avr5\libgcc.a(_pack_sf.o)
 .bss           0x008001e6        0x0 c:/winavr-20100110/bin/../lib/gcc/avr/4.3.3/avr5\libgcc.a(_unpack_sf.o)
 .bss           0x008001e6        0x0 c:/winavr-20100110/bin/../lib/gcc/avr/4.3.3/avr5\libgcc.a(_fpcmp_parts_sf.o)
 .bss           0x008001e6        0x0 c:/winavr-20100110/bin/../lib/gcc/avr/4.3.3/avr5\libgcc.a(_clz.o)
 *(.bss*)
 .bss.EXTI0_ISR
                0x008001e6        0x2 ./01_MCAL/EXT-INT/Ext_Interrupts.o
                0x008001e6                EXTI0_ISR
 .bss.EXTI1_ISR
                0x008001e8        0x2 ./01_MCAL/EXT-INT/Ext_Interrupts.o
                0x008001e8                EXTI1_ISR
 .bss.EXTI2_ISR
                0x008001ea        0x2 ./01_MCAL/EXT-INT/Ext_Interrupts.o
                0x008001ea                EXTI2_ISR
 *(COMMON)
                0x008001ec                PROVIDE (__bss_end, .)
                0x00004c08                __data_load_start = LOADADDR (.data)
                0x00004d8e                __data_load_end = (__data_load_start + SIZEOF (.data))

.noinit         0x008001ec        0x0
                0x008001ec                PROVIDE (__noinit_start, .)
 *(.noinit*)
                0x008001ec                PROVIDE (__noinit_end, .)
                0x008001ec                _end = .
                0x008001ec                PROVIDE (__heap_start, .)

.eeprom         0x00810000        0x0
 *(.eeprom*)
                0x00810000                __eeprom_end = .

.fuse
 *(.fuse)
 *(.lfuse)
 *(.hfuse)
 *(.efuse)

.lock
 *(.lock*)

.signature
 *(.signature*)

.stab           0x00000000     0x6204
 *(.stab)
 .stab          0x00000000      0x5a0 ./03_APP/EEPROM_With_I2C/APP.o
 .stab          0x000005a0      0x150 ./03_APP/Delay.o
                                0x15c (size before relaxing)
 .stab          0x000006f0      0x624 ./02_HAL/_7_SEG/_7_SEG.o
                                0x630 (size before relaxing)
 .stab          0x00000d14      0x180 ./02_HAL/_7_SEG/_7_SEG_Confg.o
                                0x234 (size before relaxing)
 .stab          0x00000e94      0x414 ./02_HAL/SW/SW.o
                                0x420 (size before relaxing)
 .stab          0x000012a8      0x114 ./02_HAL/SW/SW_Confg.o
                                0x258 (size before relaxing)
 .stab          0x000013bc      0x48c ./02_HAL/LED/LED.o
                                0x498 (size before relaxing)
 .stab          0x00001848      0x180 ./02_HAL/LED/LED_Confg.o
                                0x240 (size before relaxing)
 .stab          0x000019c8      0xa14 ./02_HAL/LCD/LCD.o
                                0xa20 (size before relaxing)
 .stab          0x000023dc      0x180 ./02_HAL/LCD/LCD_Config.o
                                0x210 (size before relaxing)
 .stab          0x0000255c      0x468 ./02_HAL/KEYPAD/KeyPad.o
                                0x474 (size before relaxing)
 .stab          0x000029c4      0x120 ./02_HAL/KEYPAD/KeyPad_confg.o
                                0x24c (size before relaxing)
 .stab          0x00002ae4      0x39c ./02_HAL/EEPROM/EEPROM.o
                                0x534 (size before relaxing)
 .stab          0x00002e80      0x678 ./01_MCAL/TIMER/Timer1/TIMER1.o
                                0x684 (size before relaxing)
 .stab          0x000034f8      0x51c ./01_MCAL/TIMER/Timer0and2/TIMER.o
                                0x528 (size before relaxing)
 .stab          0x00003a14      0x204 ./01_MCAL/TIMER/Timer0and2/TIMER_Confg.o
                                0x210 (size before relaxing)
 .stab          0x00003c18      0x3a8 ./01_MCAL/PORT/PORT.o
                                0x3b4 (size before relaxing)
 .stab          0x00003fc0      0x108 ./01_MCAL/PORT/PORT_Confg.o
                                0x1ec (size before relaxing)
 .stab          0x000040c8      0x5f4 ./01_MCAL/ICU/ICU.o
                                0x780 (size before relaxing)
 .stab          0x000046bc      0xa74 ./01_MCAL/I2C/I2C.o
                                0xa80 (size before relaxing)
 .stab          0x00005130      0x42c ./01_MCAL/EXT-INT/Ext_Interrupts.o
                                0x5f4 (size before relaxing)
 .stab          0x0000555c      0xa20 ./01_MCAL/DIO/DIO.o
                                0xa2c (size before relaxing)
 .stab          0x00005f7c       0xd8 ./01_MCAL/DIO/DIO_Confg.o
                                 0xe4 (size before relaxing)
 .stab          0x00006054       0xd8 ./.metadata/.plugins/org.eclipse.cdt.managedbuilder.core/spec.o
                                 0xe4 (size before relaxing)
 .stab          0x0000612c       0xd8 ./.metadata/.plugins/org.eclipse.cdt.make.core/specs.o
                                 0xe4 (size before relaxing)

.stabstr        0x00000000     0x3bba
 *(.stabstr)
 .stabstr       0x00000000     0x3bba ./03_APP/EEPROM_With_I2C/APP.o

.stab.excl
 *(.stab.excl)

.stab.exclstr
 *(.stab.exclstr)

.stab.index
 *(.stab.index)

.stab.indexstr
 *(.stab.indexstr)

.comment
 *(.comment)

.debug
 *(.debug)

.line
 *(.line)

.debug_srcinfo
 *(.debug_srcinfo)

.debug_sfnames
 *(.debug_sfnames)

.debug_aranges  0x00000000      0x1a0
 *(.debug_aranges)
 .debug_aranges
                0x00000000       0x20 c:/winavr-20100110/bin/../lib/gcc/avr/4.3.3/avr5\libgcc.a(_fixunssfsi.o)
 .debug_aranges
                0x00000020       0x20 c:/winavr-20100110/bin/../lib/gcc/avr/4.3.3/avr5\libgcc.a(_addsub_sf.o)
 .debug_aranges
                0x00000040       0x20 c:/winavr-20100110/bin/../lib/gcc/avr/4.3.3/avr5\libgcc.a(_mul_sf.o)
 .debug_aranges
                0x00000060       0x20 c:/winavr-20100110/bin/../lib/gcc/avr/4.3.3/avr5\libgcc.a(_div_sf.o)
 .debug_aranges
                0x00000080       0x20 c:/winavr-20100110/bin/../lib/gcc/avr/4.3.3/avr5\libgcc.a(_gt_sf.o)
 .debug_aranges
                0x000000a0       0x20 c:/winavr-20100110/bin/../lib/gcc/avr/4.3.3/avr5\libgcc.a(_ge_sf.o)
 .debug_aranges
                0x000000c0       0x20 c:/winavr-20100110/bin/../lib/gcc/avr/4.3.3/avr5\libgcc.a(_lt_sf.o)
 .debug_aranges
                0x000000e0       0x20 c:/winavr-20100110/bin/../lib/gcc/avr/4.3.3/avr5\libgcc.a(_sf_to_si.o)
 .debug_aranges
                0x00000100       0x20 c:/winavr-20100110/bin/../lib/gcc/avr/4.3.3/avr5\libgcc.a(_usi_to_sf.o)
 .debug_aranges
                0x00000120       0x20 c:/winavr-20100110/bin/../lib/gcc/avr/4.3.3/avr5\libgcc.a(_clzsi2.o)
 .debug_aranges
                0x00000140       0x20 c:/winavr-20100110/bin/../lib/gcc/avr/4.3.3/avr5\libgcc.a(_pack_sf.o)
 .debug_aranges
                0x00000160       0x20 c:/winavr-20100110/bin/../lib/gcc/avr/4.3.3/avr5\libgcc.a(_unpack_sf.o)
 .debug_aranges
                0x00000180       0x20 c:/winavr-20100110/bin/../lib/gcc/avr/4.3.3/avr5\libgcc.a(_fpcmp_parts_sf.o)

.debug_pubnames
                0x00000000      0x1f2
 *(.debug_pubnames)
 .debug_pubnames
                0x00000000       0x23 c:/winavr-20100110/bin/../lib/gcc/avr/4.3.3/avr5\libgcc.a(_fixunssfsi.o)
 .debug_pubnames
                0x00000023       0x2c c:/winavr-20100110/bin/../lib/gcc/avr/4.3.3/avr5\libgcc.a(_addsub_sf.o)
 .debug_pubnames
                0x0000004f       0x1f c:/winavr-20100110/bin/../lib/gcc/avr/4.3.3/avr5\libgcc.a(_mul_sf.o)
 .debug_pubnames
                0x0000006e       0x1f c:/winavr-20100110/bin/../lib/gcc/avr/4.3.3/avr5\libgcc.a(_div_sf.o)
 .debug_pubnames
                0x0000008d       0x1e c:/winavr-20100110/bin/../lib/gcc/avr/4.3.3/avr5\libgcc.a(_gt_sf.o)
 .debug_pubnames
                0x000000ab       0x1e c:/winavr-20100110/bin/../lib/gcc/avr/4.3.3/avr5\libgcc.a(_ge_sf.o)
 .debug_pubnames
                0x000000c9       0x1e c:/winavr-20100110/bin/../lib/gcc/avr/4.3.3/avr5\libgcc.a(_lt_sf.o)
 .debug_pubnames
                0x000000e7       0x20 c:/winavr-20100110/bin/../lib/gcc/avr/4.3.3/avr5\libgcc.a(_sf_to_si.o)
 .debug_pubnames
                0x00000107       0x22 c:/winavr-20100110/bin/../lib/gcc/avr/4.3.3/avr5\libgcc.a(_thenan_sf.o)
 .debug_pubnames
                0x00000129       0x24 c:/winavr-20100110/bin/../lib/gcc/avr/4.3.3/avr5\libgcc.a(_usi_to_sf.o)
 .debug_pubnames
                0x0000014d       0x1f c:/winavr-20100110/bin/../lib/gcc/avr/4.3.3/avr5\libgcc.a(_clzsi2.o)
 .debug_pubnames
                0x0000016c       0x1f c:/winavr-20100110/bin/../lib/gcc/avr/4.3.3/avr5\libgcc.a(_pack_sf.o)
 .debug_pubnames
                0x0000018b       0x21 c:/winavr-20100110/bin/../lib/gcc/avr/4.3.3/avr5\libgcc.a(_unpack_sf.o)
 .debug_pubnames
                0x000001ac       0x26 c:/winavr-20100110/bin/../lib/gcc/avr/4.3.3/avr5\libgcc.a(_fpcmp_parts_sf.o)
 .debug_pubnames
                0x000001d2       0x20 c:/winavr-20100110/bin/../lib/gcc/avr/4.3.3/avr5\libgcc.a(_clz.o)

.debug_info     0x00000000     0x240b
 *(.debug_info)
 .debug_info    0x00000000       0xb1 c:/winavr-20100110/bin/../lib/gcc/avr/4.3.3/avr5\libgcc.a(_fixunssfsi.o)
 .debug_info    0x000000b1      0x47a c:/winavr-20100110/bin/../lib/gcc/avr/4.3.3/avr5\libgcc.a(_addsub_sf.o)
 .debug_info    0x0000052b      0x485 c:/winavr-20100110/bin/../lib/gcc/avr/4.3.3/avr5\libgcc.a(_mul_sf.o)
 .debug_info    0x000009b0      0x3fc c:/winavr-20100110/bin/../lib/gcc/avr/4.3.3/avr5\libgcc.a(_div_sf.o)
 .debug_info    0x00000dac      0x27f c:/winavr-20100110/bin/../lib/gcc/avr/4.3.3/avr5\libgcc.a(_gt_sf.o)
 .debug_info    0x0000102b      0x27f c:/winavr-20100110/bin/../lib/gcc/avr/4.3.3/avr5\libgcc.a(_ge_sf.o)
 .debug_info    0x000012aa      0x27f c:/winavr-20100110/bin/../lib/gcc/avr/4.3.3/avr5\libgcc.a(_lt_sf.o)
 .debug_info    0x00001529      0x2b0 c:/winavr-20100110/bin/../lib/gcc/avr/4.3.3/avr5\libgcc.a(_sf_to_si.o)
 .debug_info    0x000017d9      0x12c c:/winavr-20100110/bin/../lib/gcc/avr/4.3.3/avr5\libgcc.a(_thenan_sf.o)
 .debug_info    0x00001905      0x206 c:/winavr-20100110/bin/../lib/gcc/avr/4.3.3/avr5\libgcc.a(_usi_to_sf.o)
 .debug_info    0x00001b0b      0x117 c:/winavr-20100110/bin/../lib/gcc/avr/4.3.3/avr5\libgcc.a(_clzsi2.o)
 .debug_info    0x00001c22      0x2df c:/winavr-20100110/bin/../lib/gcc/avr/4.3.3/avr5\libgcc.a(_pack_sf.o)
 .debug_info    0x00001f01      0x251 c:/winavr-20100110/bin/../lib/gcc/avr/4.3.3/avr5\libgcc.a(_unpack_sf.o)
 .debug_info    0x00002152      0x210 c:/winavr-20100110/bin/../lib/gcc/avr/4.3.3/avr5\libgcc.a(_fpcmp_parts_sf.o)
 .debug_info    0x00002362       0xa9 c:/winavr-20100110/bin/../lib/gcc/avr/4.3.3/avr5\libgcc.a(_clz.o)
 *(.gnu.linkonce.wi.*)

.debug_abbrev   0x00000000     0x1386
 *(.debug_abbrev)
 .debug_abbrev  0x00000000       0x5d c:/winavr-20100110/bin/../lib/gcc/avr/4.3.3/avr5\libgcc.a(_fixunssfsi.o)
 .debug_abbrev  0x0000005d      0x1ea c:/winavr-20100110/bin/../lib/gcc/avr/4.3.3/avr5\libgcc.a(_addsub_sf.o)
 .debug_abbrev  0x00000247      0x21b c:/winavr-20100110/bin/../lib/gcc/avr/4.3.3/avr5\libgcc.a(_mul_sf.o)
 .debug_abbrev  0x00000462      0x216 c:/winavr-20100110/bin/../lib/gcc/avr/4.3.3/avr5\libgcc.a(_div_sf.o)
 .debug_abbrev  0x00000678      0x15a c:/winavr-20100110/bin/../lib/gcc/avr/4.3.3/avr5\libgcc.a(_gt_sf.o)
 .debug_abbrev  0x000007d2      0x15a c:/winavr-20100110/bin/../lib/gcc/avr/4.3.3/avr5\libgcc.a(_ge_sf.o)
 .debug_abbrev  0x0000092c      0x15a c:/winavr-20100110/bin/../lib/gcc/avr/4.3.3/avr5\libgcc.a(_lt_sf.o)
 .debug_abbrev  0x00000a86      0x17f c:/winavr-20100110/bin/../lib/gcc/avr/4.3.3/avr5\libgcc.a(_sf_to_si.o)
 .debug_abbrev  0x00000c05       0xad c:/winavr-20100110/bin/../lib/gcc/avr/4.3.3/avr5\libgcc.a(_thenan_sf.o)
 .debug_abbrev  0x00000cb2      0x157 c:/winavr-20100110/bin/../lib/gcc/avr/4.3.3/avr5\libgcc.a(_usi_to_sf.o)
 .debug_abbrev  0x00000e09       0xc4 c:/winavr-20100110/bin/../lib/gcc/avr/4.3.3/avr5\libgcc.a(_clzsi2.o)
 .debug_abbrev  0x00000ecd      0x1c0 c:/winavr-20100110/bin/../lib/gcc/avr/4.3.3/avr5\libgcc.a(_pack_sf.o)
 .debug_abbrev  0x0000108d      0x154 c:/winavr-20100110/bin/../lib/gcc/avr/4.3.3/avr5\libgcc.a(_unpack_sf.o)
 .debug_abbrev  0x000011e1      0x13b c:/winavr-20100110/bin/../lib/gcc/avr/4.3.3/avr5\libgcc.a(_fpcmp_parts_sf.o)
 .debug_abbrev  0x0000131c       0x6a c:/winavr-20100110/bin/../lib/gcc/avr/4.3.3/avr5\libgcc.a(_clz.o)

.debug_line     0x00000000     0x11d6
 *(.debug_line)
 .debug_line    0x00000000       0xa7 c:/winavr-20100110/bin/../lib/gcc/avr/4.3.3/avr5\libgcc.a(_fixunssfsi.o)
 .debug_line    0x000000a7      0x2af c:/winavr-20100110/bin/../lib/gcc/avr/4.3.3/avr5\libgcc.a(_addsub_sf.o)
 .debug_line    0x00000356      0x239 c:/winavr-20100110/bin/../lib/gcc/avr/4.3.3/avr5\libgcc.a(_mul_sf.o)
 .debug_line    0x0000058f      0x1d5 c:/winavr-20100110/bin/../lib/gcc/avr/4.3.3/avr5\libgcc.a(_div_sf.o)
 .debug_line    0x00000764       0xd3 c:/winavr-20100110/bin/../lib/gcc/avr/4.3.3/avr5\libgcc.a(_gt_sf.o)
 .debug_line    0x00000837       0xd3 c:/winavr-20100110/bin/../lib/gcc/avr/4.3.3/avr5\libgcc.a(_ge_sf.o)
 .debug_line    0x0000090a       0xd3 c:/winavr-20100110/bin/../lib/gcc/avr/4.3.3/avr5\libgcc.a(_lt_sf.o)
 .debug_line    0x000009dd      0x109 c:/winavr-20100110/bin/../lib/gcc/avr/4.3.3/avr5\libgcc.a(_sf_to_si.o)
 .debug_line    0x00000ae6       0x90 c:/winavr-20100110/bin/../lib/gcc/avr/4.3.3/avr5\libgcc.a(_thenan_sf.o)
 .debug_line    0x00000b76      0x133 c:/winavr-20100110/bin/../lib/gcc/avr/4.3.3/avr5\libgcc.a(_usi_to_sf.o)
 .debug_line    0x00000ca9       0xa5 c:/winavr-20100110/bin/../lib/gcc/avr/4.3.3/avr5\libgcc.a(_clzsi2.o)
 .debug_line    0x00000d4e      0x18a c:/winavr-20100110/bin/../lib/gcc/avr/4.3.3/avr5\libgcc.a(_pack_sf.o)
 .debug_line    0x00000ed8      0x14b c:/winavr-20100110/bin/../lib/gcc/avr/4.3.3/avr5\libgcc.a(_unpack_sf.o)
 .debug_line    0x00001023      0x137 c:/winavr-20100110/bin/../lib/gcc/avr/4.3.3/avr5\libgcc.a(_fpcmp_parts_sf.o)
 .debug_line    0x0000115a       0x7c c:/winavr-20100110/bin/../lib/gcc/avr/4.3.3/avr5\libgcc.a(_clz.o)

.debug_frame    0x00000000      0x1c0
 *(.debug_frame)
 .debug_frame   0x00000000       0x20 c:/winavr-20100110/bin/../lib/gcc/avr/4.3.3/avr5\libgcc.a(_fixunssfsi.o)
 .debug_frame   0x00000020       0x40 c:/winavr-20100110/bin/../lib/gcc/avr/4.3.3/avr5\libgcc.a(_addsub_sf.o)
 .debug_frame   0x00000060       0x20 c:/winavr-20100110/bin/../lib/gcc/avr/4.3.3/avr5\libgcc.a(_mul_sf.o)
 .debug_frame   0x00000080       0x20 c:/winavr-20100110/bin/../lib/gcc/avr/4.3.3/avr5\libgcc.a(_div_sf.o)
 .debug_frame   0x000000a0       0x20 c:/winavr-20100110/bin/../lib/gcc/avr/4.3.3/avr5\libgcc.a(_gt_sf.o)
 .debug_frame   0x000000c0       0x20 c:/winavr-20100110/bin/../lib/gcc/avr/4.3.3/avr5\libgcc.a(_ge_sf.o)
 .debug_frame   0x000000e0       0x20 c:/winavr-20100110/bin/../lib/gcc/avr/4.3.3/avr5\libgcc.a(_lt_sf.o)
 .debug_frame   0x00000100       0x20 c:/winavr-20100110/bin/../lib/gcc/avr/4.3.3/avr5\libgcc.a(_sf_to_si.o)
 .debug_frame   0x00000120       0x20 c:/winavr-20100110/bin/../lib/gcc/avr/4.3.3/avr5\libgcc.a(_usi_to_sf.o)
 .debug_frame   0x00000140       0x20 c:/winavr-20100110/bin/../lib/gcc/avr/4.3.3/avr5\libgcc.a(_clzsi2.o)
 .debug_frame   0x00000160       0x20 c:/winavr-20100110/bin/../lib/gcc/avr/4.3.3/avr5\libgcc.a(_pack_sf.o)
 .debug_frame   0x00000180       0x20 c:/winavr-20100110/bin/../lib/gcc/avr/4.3.3/avr5\libgcc.a(_unpack_sf.o)
 .debug_frame   0x000001a0       0x20 c:/winavr-20100110/bin/../lib/gcc/avr/4.3.3/avr5\libgcc.a(_fpcmp_parts_sf.o)

.debug_str      0x00000000      0x2f6
 *(.debug_str)
 .debug_str     0x00000000       0xbf c:/winavr-20100110/bin/../lib/gcc/avr/4.3.3/avr5\libgcc.a(_fixunssfsi.o)
                                 0xfe (size before relaxing)
 .debug_str     0x000000bf      0x14d c:/winavr-20100110/bin/../lib/gcc/avr/4.3.3/avr5\libgcc.a(_addsub_sf.o)
                                0x206 (size before relaxing)
 .debug_str     0x0000020c       0x27 c:/winavr-20100110/bin/../lib/gcc/avr/4.3.3/avr5\libgcc.a(_mul_sf.o)
                                0x1bf (size before relaxing)
 .debug_str     0x00000233       0x35 c:/winavr-20100110/bin/../lib/gcc/avr/4.3.3/avr5\libgcc.a(_div_sf.o)
                                0x1c8 (size before relaxing)
 .debug_str     0x00000268        0x8 c:/winavr-20100110/bin/../lib/gcc/avr/4.3.3/avr5\libgcc.a(_gt_sf.o)
                                0x195 (size before relaxing)
 .debug_str     0x00000270        0x8 c:/winavr-20100110/bin/../lib/gcc/avr/4.3.3/avr5\libgcc.a(_ge_sf.o)
                                0x195 (size before relaxing)
 .debug_str     0x00000278        0x8 c:/winavr-20100110/bin/../lib/gcc/avr/4.3.3/avr5\libgcc.a(_lt_sf.o)
                                0x195 (size before relaxing)
 .debug_str     0x00000280        0xa c:/winavr-20100110/bin/../lib/gcc/avr/4.3.3/avr5\libgcc.a(_sf_to_si.o)
                                0x19e (size before relaxing)
 .debug_str     0x00000000      0x103 c:/winavr-20100110/bin/../lib/gcc/avr/4.3.3/avr5\libgcc.a(_thenan_sf.o)
 .debug_str     0x0000028a       0x21 c:/winavr-20100110/bin/../lib/gcc/avr/4.3.3/avr5\libgcc.a(_usi_to_sf.o)
                                0x177 (size before relaxing)
 .debug_str     0x000002ab       0x20 c:/winavr-20100110/bin/../lib/gcc/avr/4.3.3/avr5\libgcc.a(_clzsi2.o)
                                0x111 (size before relaxing)
 .debug_str     0x000002cb       0x10 c:/winavr-20100110/bin/../lib/gcc/avr/4.3.3/avr5\libgcc.a(_pack_sf.o)
                                0x19d (size before relaxing)
 .debug_str     0x000002db        0xb c:/winavr-20100110/bin/../lib/gcc/avr/4.3.3/avr5\libgcc.a(_unpack_sf.o)
                                0x17f (size before relaxing)
 .debug_str     0x000002e6       0x10 c:/winavr-20100110/bin/../lib/gcc/avr/4.3.3/avr5\libgcc.a(_fpcmp_parts_sf.o)
                                0x163 (size before relaxing)
 .debug_str     0x00000000       0xf4 c:/winavr-20100110/bin/../lib/gcc/avr/4.3.3/avr5\libgcc.a(_clz.o)

.debug_loc      0x00000000      0x96e
 *(.debug_loc)
 .debug_loc     0x00000000       0x34 c:/winavr-20100110/bin/../lib/gcc/avr/4.3.3/avr5\libgcc.a(_fixunssfsi.o)
 .debug_loc     0x00000034      0x32a c:/winavr-20100110/bin/../lib/gcc/avr/4.3.3/avr5\libgcc.a(_addsub_sf.o)
 .debug_loc     0x0000035e      0x104 c:/winavr-20100110/bin/../lib/gcc/avr/4.3.3/avr5\libgcc.a(_mul_sf.o)
 .debug_loc     0x00000462       0xc0 c:/winavr-20100110/bin/../lib/gcc/avr/4.3.3/avr5\libgcc.a(_div_sf.o)
 .debug_loc     0x00000522       0x3c c:/winavr-20100110/bin/../lib/gcc/avr/4.3.3/avr5\libgcc.a(_gt_sf.o)
 .debug_loc     0x0000055e       0x3c c:/winavr-20100110/bin/../lib/gcc/avr/4.3.3/avr5\libgcc.a(_ge_sf.o)
 .debug_loc     0x0000059a       0x3c c:/winavr-20100110/bin/../lib/gcc/avr/4.3.3/avr5\libgcc.a(_lt_sf.o)
 .debug_loc     0x000005d6       0x7e c:/winavr-20100110/bin/../lib/gcc/avr/4.3.3/avr5\libgcc.a(_sf_to_si.o)
 .debug_loc     0x00000654       0x4c c:/winavr-20100110/bin/../lib/gcc/avr/4.3.3/avr5\libgcc.a(_usi_to_sf.o)
 .debug_loc     0x000006a0       0x94 c:/winavr-20100110/bin/../lib/gcc/avr/4.3.3/avr5\libgcc.a(_clzsi2.o)
 .debug_loc     0x00000734      0x13e c:/winavr-20100110/bin/../lib/gcc/avr/4.3.3/avr5\libgcc.a(_pack_sf.o)
 .debug_loc     0x00000872       0xac c:/winavr-20100110/bin/../lib/gcc/avr/4.3.3/avr5\libgcc.a(_unpack_sf.o)
 .debug_loc     0x0000091e       0x50 c:/winavr-20100110/bin/../lib/gcc/avr/4.3.3/avr5\libgcc.a(_fpcmp_parts_sf.o)

.debug_macinfo
 *(.debug_macinfo)
OUTPUT(MASTER_APP.elf elf32-avr)
LOAD linker stubs

.debug_ranges   0x00000000       0x50
 .debug_ranges  0x00000000       0x50 c:/winavr-20100110/bin/../lib/gcc/avr/4.3.3/avr5\libgcc.a(_mul_sf.o)
